// Jest Snapshot v1, https://goo.gl/fbAQLP

exports[`fulltext search field is created 1`] = `
GraphQLSchema {
  "__allowedLegacyNames": Array [],
  "__validationErrors": undefined,
  "_directives": Array [
    "@include",
    "@skip",
    "@deprecated",
  ],
  "_implementations": Object {
    "Node": Array [
      "Query",
      "Job",
    ],
  },
  "_mutationType": "Mutation",
  "_possibleTypeMap": undefined,
  "_queryType": "Query",
  "_subscriptionType": undefined,
  "_typeMap": Object {
    "Boolean": "Boolean",
    "CreateJobInput": "CreateJobInput",
    "CreateJobPayload": "CreateJobPayload",
    "Cursor": "Cursor",
    "DeleteJobByIdInput": "DeleteJobByIdInput",
    "DeleteJobInput": "DeleteJobInput",
    "DeleteJobPayload": "DeleteJobPayload",
    "Float": "Float",
    "FullText": "FullText",
    "FullTextFilter": "FullTextFilter",
    "ID": "ID",
    "Int": "Int",
    "IntFilter": "IntFilter",
    "Job": "Job",
    "JobCondition": "JobCondition",
    "JobFilter": "JobFilter",
    "JobInput": "JobInput",
    "JobPatch": "JobPatch",
    "JobsConnection": "JobsConnection",
    "JobsEdge": "JobsEdge",
    "JobsOrderBy": "JobsOrderBy",
    "Mutation": "Mutation",
    "Node": "Node",
    "PageInfo": "PageInfo",
    "Query": "Query",
    "String": "String",
    "StringFilter": "StringFilter",
    "UpdateJobByIdInput": "UpdateJobByIdInput",
    "UpdateJobInput": "UpdateJobInput",
    "UpdateJobPayload": "UpdateJobPayload",
    "__Directive": "__Directive",
    "__DirectiveLocation": "__DirectiveLocation",
    "__EnumValue": "__EnumValue",
    "__Field": "__Field",
    "__InputValue": "__InputValue",
    "__Schema": "__Schema",
    "__Type": "__Type",
    "__TypeKind": "__TypeKind",
  },
  "astNode": undefined,
  "extensionASTNodes": undefined,
}
`;
